// Jest Snapshot v1, https://goo.gl/fbAQLP

exports[`should render TodoItem correctly 1`] = `
<li
  onClick={[Function]}
  style={
    Object {
      "textDecoration": "none",
    }
  }
/>
`;
